<html>
<body>
<pre>
<h1>µVision Build Log</h1>
<h2>Project:</h2>
D:\arm51\melon_os\project\stm32f103\Melon_os_cortex_m3.uvproj
Project File Date:  07/05/2013

<h2>Output:</h2>
Clean started: Project: 'Melon_os_cortex_m3'
   deleting intermediate output files for target 'Target 1'
Rebuild target 'Target 1'
compiling os_core.c...
compiling os_task.c...
compiling os_mutex.c...
compiling os_mailbox.c...
compiling main.c...
compiling ad.c...
compiling clock.c...
compiling i2c.c...
compiling lcd.c...
compiling lcd_char.c...
compiling serial.c...
compiling temperature.c...
compiling speaker.c...
compiling os_cpu_c.c...
assembling STM32F10x.s...
compiling common_func.c...
compiling demo.c...
linking...
Program Size: Code=23484 RO-data=2144 RW-data=344 ZI-data=8616  
FromELF: creating hex file...
".\obj\Melon_os_cortex_m3.axf" - 0 Error(s), 0 Warning(s).
